// Jest Snapshot v1, https://goo.gl/fbAQLP

exports[`Favorite Files Mount 1`] = `
<div
  className="sc-bdVaJa fENTec"
  cursor="auto"
>
  <div
    className="sc-bdVaJa sc-jWBwVP hXrphb"
  >
    <div
      className="sc-bdVaJa sc-bwzfXH sc-cvbbAY cqZRxn"
      cursor="auto"
      height="100%"
      width={240}
    />
  </div>
  <div
    className="sc-bdVaJa iEzrdZ"
    cursor="auto"
  >
    <div
      className="sc-bdVaJa sc-jWBwVP jJhLPe"
    />
    <div
      className="sc-cmTdod cpzqWF"
      height={24}
      width={24}
    >
      <div
        className="sc-jwKygS sc-btzYZH deBJuJ"
      />
      <div
        className="sc-jwKygS sc-lhVmIH DJpLr"
      />
      <div
        className="sc-jwKygS sc-bYSBpT bBpxRp"
      />
      <div
        className="sc-jwKygS sc-elJkPf eimgCQ"
      />
      <div
        className="sc-jwKygS sc-jtRfpW lbMlBI"
      />
      <div
        className="sc-jwKygS sc-kTUwUJ hRcYEv"
      />
      <div
        className="sc-jwKygS sc-dqBHgY rdbit"
      />
      <div
        className="sc-jwKygS sc-gxMtzJ hPYjLZ"
      />
      <div
        className="sc-jwKygS sc-dfVpRl gSTqeV"
      />
    </div>
  </div>
</div>
`;
