// Jest Snapshot v1, https://goo.gl/fbAQLP

exports[`Projects Mount projects 1`] = `null`;
