// Jest Snapshot v1, https://goo.gl/fbAQLP

exports[`Status Page Mount component with NO ISSUES 1`] = `
Array [
  <div
    className="sc-bdVaJa bQBfBb"
  >
    No Issues
  </div>,
  <div
    className="sc-bdVaJa bQBfBb"
  >
    The system is running as intended.
  </div>,
]
`;
