// Jest Snapshot v1, https://goo.gl/fbAQLP

exports[`Shares List Shares component 1`] = `
.c10 {
  width: 32px;
  height: 32px;
  margin: 20px auto;
  -webkit-animation-name: jkjquP;
  animation-name: jkjquP;
}

.c10 > svg path:nth-child(1) {
  -webkit-animation: jkjquP 0.72s linear infinite;
  animation: jkjquP 0.72s linear infinite;
  -webkit-animation-delay: -0.04s;
  animation-delay: -0.04s;
}

.c10 > svg path:nth-child(2) {
  -webkit-animation: jkjquP 0.72s linear infinite;
  animation: jkjquP 0.72s linear infinite;
  -webkit-animation-delay: -0.08s;
  animation-delay: -0.08s;
}

.c10 > svg path:nth-child(3) {
  -webkit-animation: jkjquP 0.72s linear infinite;
  animation: jkjquP 0.72s linear infinite;
  -webkit-animation-delay: -0.12s;
  animation-delay: -0.12s;
}

.c10 > svg path:nth-child(4) {
  -webkit-animation: jkjquP 0.72s linear infinite;
  animation: jkjquP 0.72s linear infinite;
  -webkit-animation-delay: -0.16s;
  animation-delay: -0.16s;
}

.c10 > svg path:nth-child(5) {
  -webkit-animation: jkjquP 0.72s linear infinite;
  animation: jkjquP 0.72s linear infinite;
  -webkit-animation-delay: -0.2s;
  animation-delay: -0.2s;
}

.c10 > svg path:nth-child(6) {
  -webkit-animation: jkjquP 0.72s linear infinite;
  animation: jkjquP 0.72s linear infinite;
  -webkit-animation-delay: -0.24s;
  animation-delay: -0.24s;
}

.c10 > svg path:nth-child(7) {
  -webkit-animation: jkjquP 0.72s linear infinite;
  animation: jkjquP 0.72s linear infinite;
  -webkit-animation-delay: -0.28s;
  animation-delay: -0.28s;
}

.c10 > svg path:nth-child(8) {
  -webkit-animation: jkjquP 0.72s linear infinite;
  animation: jkjquP 0.72s linear infinite;
  -webkit-animation-delay: -0.32s;
  animation-delay: -0.32s;
}

.c10 > svg path:nth-child(9) {
  -webkit-animation: jkjquP 0.72s linear infinite;
  animation: jkjquP 0.72s linear infinite;
  -webkit-animation-delay: -0.36s;
  animation-delay: -0.36s;
}

.c10 > svg path:nth-child(10) {
  -webkit-animation: jkjquP 0.72s linear infinite;
  animation: jkjquP 0.72s linear infinite;
  -webkit-animation-delay: -0.4s;
  animation-delay: -0.4s;
}

.c10 > svg path:nth-child(11) {
  -webkit-animation: jkjquP 0.72s linear infinite;
  animation: jkjquP 0.72s linear infinite;
  -webkit-animation-delay: -0.44s;
  animation-delay: -0.44s;
}

.c10 > svg path:nth-child(12) {
  -webkit-animation: jkjquP 0.72s linear infinite;
  animation: jkjquP 0.72s linear infinite;
  -webkit-animation-delay: -0.48s;
  animation-delay: -0.48s;
}

.c10 > svg path:nth-child(13) {
  -webkit-animation: jkjquP 0.72s linear infinite;
  animation: jkjquP 0.72s linear infinite;
  -webkit-animation-delay: -0.52s;
  animation-delay: -0.52s;
}

.c10 > svg path:nth-child(14) {
  -webkit-animation: jkjquP 0.72s linear infinite;
  animation: jkjquP 0.72s linear infinite;
  -webkit-animation-delay: -0.56s;
  animation-delay: -0.56s;
}

.c10 > svg path:nth-child(15) {
  -webkit-animation: jkjquP 0.72s linear infinite;
  animation: jkjquP 0.72s linear infinite;
  -webkit-animation-delay: -0.6s;
  animation-delay: -0.6s;
}

.c10 > svg path:nth-child(16) {
  -webkit-animation: jkjquP 0.72s linear infinite;
  animation: jkjquP 0.72s linear infinite;
  -webkit-animation-delay: -0.64s;
  animation-delay: -0.64s;
}

.c10 > svg path:nth-child(17) {
  -webkit-animation: jkjquP 0.72s linear infinite;
  animation: jkjquP 0.72s linear infinite;
  -webkit-animation-delay: -0.68s;
  animation-delay: -0.68s;
}

.c10 > svg path:nth-child(18) {
  -webkit-animation: jkjquP 0.72s linear infinite;
  animation: jkjquP 0.72s linear infinite;
  -webkit-animation-delay: -0.72s;
  animation-delay: -0.72s;
}

.c0 {
  margin-left: 190px;
  padding-top: 48px;
  padding-bottom: 14px;
  padding-left: 14px;
  padding-right: 0;
  background-color: #fff;
}

.c1 {
  padding-top: 14px;
  padding-bottom: 14px;
  padding-left: 204px;
  padding-right: 14px;
  width: 100%;
  height: 55px;
  background-color: #fff;
  top: 48px;
}

.c8 {
  padding-top: 55px;
  padding-right: 14px;
}

.c2 {
  position: absolute;
  top: 48px;
  left: 0;
}

.c4 {
  display: -webkit-box;
  display: -webkit-flex;
  display: -ms-flexbox;
  display: flex;
}

.c6 {
  cursor: pointer;
  font-size: 20px;
  margin-right: 1em;
}

.c5 {
  border-bottom: 2px solid #c9d3df;
  cursor: pointer;
}

.c7 {
  border-bottom: 3px solid #006aff;
}

.c3 {
  position: fixed;
  z-index: 50;
}

@media screen and (min-width:768px) and (max-width:1023px) {
  .c9 {
    display: none;
  }
}

@media screen and (min-width:1024px) and (max-width:1279px) {
  .c9 {
    display: none;
  }
}

@media screen and (min-width:1280px) {
  .c9 {
    display: none;
  }
}

<div
  className="c0"
>
  <div
    className="c1 c2 c3"
    height={55}
    width={1}
  >
    <div
      className="c4 c5"
    >
      <div
        className="c6 c7"
        cursor="pointer"
        fontSize={3}
        onClick={[Function]}
        selected={true}
      >
        Shared with Me
      </div>
      <div
        className="c6 "
        cursor="pointer"
        fontSize={3}
        onClick={[Function]}
        selected={false}
      >
        Shared by Me
      </div>
    </div>
  </div>
  <div
    className="c8"
  >
    <div
      className="c9"
    />
    <div
      className="c10"
      data-tag="loading-spinner"
      height={32}
      width={32}
    >
      <svg
        height={32}
        id="svg"
        version="1.1"
        viewBox="0 0 220 220"
        width={32}
        xmlns="http://www.w3.org/2000/svg"
        xmlnsXlink="http://www.w3.org/1999/xlink"
      >
        <path
          d="M80.296,0.12l14.673,54.761l40.088,-40.088l-54.761,-14.673Z"
        />
        <path
          d="M149.73,69.554l-14.673,-54.761l-40.088,40.088l54.761,14.673Z"
        />
        <path
          d="M189.818,29.466l-54.761,-14.673l14.673,54.761l40.088,-40.088Z"
        />
        <path
          d="M204.491,84.228l-14.673,-54.762l-40.088,40.088l54.761,14.674Z"
        />
        <path
          d="M164.403,124.316l40.088,-40.088l-54.761,-14.674l14.673,54.762Z"
        />
        <path
          d="M219.165,138.989l-14.674,-54.761l-40.088,40.088l54.762,14.673Z"
        />
        <path
          d="M179.077,179.077l-14.674,-54.761l54.762,14.673l-40.088,40.088Z"
        />
        <path
          d="M124.316,164.403l54.761,14.674l-14.674,-54.761l-40.087,40.087Z"
        />
        <path
          d="M138.989,219.165l40.088,-40.088l-54.761,-14.674l14.673,54.762Z"
        />
        <path
          d="M84.228,204.491l54.761,14.674l-14.673,-54.762l-40.088,40.088Z"
        />
        <path
          d="M69.554,149.73l14.674,54.761l40.088,-40.088l-54.762,-14.673Z"
        />
        <path
          d="M29.466,189.818l54.762,14.673l-14.674,-54.761l-40.088,40.088Z"
        />
        <path
          d="M14.793,135.057l14.673,54.761l40.088,-40.088l-54.761,-14.673Z"
        />
        <path
          d="M54.881,94.969l-40.088,40.088l54.761,14.673l-14.673,-54.761Z"
        />
        <path
          d="M0.12,80.296l14.673,54.761l40.088,-40.088l-54.761,-14.673Z"
        />
        <path
          d="M40.208,40.208l-40.088,40.088l54.761,14.673l-14.673,-54.761Z"
        />
        <path
          d="M94.969,54.881l-54.761,-14.673l14.673,54.761l40.088,-40.088Z"
        />
        <path
          d="M80.296,0.12l-40.088,40.088l54.761,14.673l-14.673,-54.761Z"
        />
      </svg>
    </div>
  </div>
</div>
`;
