// Jest Snapshot v1, https://goo.gl/fbAQLP

exports[`Search component Mount search component 1`] = `"<div><div class=\\"sc-kEYyzF bkuwjF\\"><input width=\\"100%\\" placeholder=\\"Search...\\" id=\\"default\\" class=\\"sc-iAyFgw hOTwqy\\"></div><h2 font-size=\\"5\\" class=\\"sc-jzJRlG fXjJRp\\">Results matching ''</h2><div class=\\"sc-bZQynM cNFsWw\\"><div class=\\"sc-htpNat hjOqln\\"></div><div class=\\"sc-Rmtcm idAtlS\\"><div class=\\"sc-bdVaJa hfvaUK\\"><span cursor=\\"pointer\\" class=\\"sc-htoDjs bChhWZ\\"><div class=\\"sc-bZQynM bqIUrb\\"><div class=\\"sc-htpNat llOEfe\\"> Items per page 25</div><div class=\\"sc-htpNat llOEfe\\"><svg cursor=\\"auto\\" class=\\"sc-VigVT hlFKbn sc-gqjmRU eNpPdi\\" viewBox=\\"0 0 24 24\\" width=\\"24\\" height=\\"24\\" fill=\\"currentcolor\\"><path d=\\"M7.4,8l4.6,4.6L16.6,8L18,9.4l-6,6l-6-6L7.4,8z\\"></path></svg></div></div></span></div><i class=\\"fas fa-sync fa-spin\\"></i></div></div><div class=\\"sc-bZQynM bqIUrb\\"><div width=\\"50%\\" class=\\"sc-htpNat knGhlu\\"></div><i class=\\"fas fa-circle-notch fa-spin\\"></i></div><div></div></div>"`;
