// Jest Snapshot v1, https://goo.gl/fbAQLP

exports[`View component Mount view 1`] = `
.c0 {
  cursor: auto;
  margin-left: 190px;
  padding-bottom: 14px;
  padding-left: 14px;
  padding-right: 0;
  padding-top: 48px;
}

.c5 {
  cursor: auto;
}

.c9 {
  cursor: auto;
  margin-bottom: 3em;
}

.c20 {
  cursor: auto;
  padding-right: 240px;
  padding-top: 96px;
}

.c3 {
  cursor: inherit;
  display: -webkit-box;
  display: -webkit-flex;
  display: -ms-flexbox;
  display: flex;
}

.c2 {
  cursor: inherit;
  font-size: 32px;
  margin: 0px;
}

.c10 {
  cursor: inherit;
  font-size: 20px;
  margin: 0px;
}

.c11 {
  cursor: inherit;
}

.c15 {
  cursor: inherit;
  color: white;
}

.c19 {
  cursor: inherit;
  margin-left: 4px;
  margin-right: 6px;
}

.c8 {
  -webkit-flex: none;
  -ms-flex: none;
  flex: none;
  vertical-align: middle;
  cursor: inherit;
  margin-right: 0.5em;
  margin-top: 0.15em;
  margin-bottom: 0.15em;
}

.c12 {
  -webkit-flex: none;
  -ms-flex: none;
  flex: none;
  vertical-align: middle;
  cursor: inherit;
  margin-top: 0.2em;
  margin-bottom: 0.2em;
}

.c16 {
  -webkit-flex: none;
  -ms-flex: none;
  flex: none;
  vertical-align: middle;
  cursor: inherit;
  margin-right: 0.5em;
}

.c7 {
  -webkit-font-smoothing: antialiased;
  display: inline-block;
  vertical-align: middle;
  text-align: center;
  -webkit-text-decoration: none;
  text-decoration: none;
  font-family: inherit;
  font-weight: 700;
  line-height: 1.5;
  cursor: pointer;
  border-radius: 5px;
  background-color: #0055d5;
  color: #fff;
  border-width: 0;
  border-style: solid;
  -webkit-transition: cubic-bezier(0.5,0,0.25,1) 60ms;
  transition: cubic-bezier(0.5,0,0.25,1) 60ms;
  width: 100%;
  font-size: 14px;
  padding: 9.5px 18px;
}

.c7:disabled {
  opacity: 0.25;
}

.c7:focus {
  outline: none;
}

.c7:hover {
  -webkit-transform: scale(1.03);
  -ms-transform: scale(1.03);
  transform: scale(1.03);
}

.c14 {
  -webkit-font-smoothing: antialiased;
  display: inline-block;
  vertical-align: middle;
  text-align: center;
  -webkit-text-decoration: none;
  text-decoration: none;
  font-family: inherit;
  font-weight: 700;
  line-height: 0.3;
  cursor: pointer;
  border-radius: 5px;
  background-color: #0055d5;
  color: #fff;
  border-width: 0;
  border-style: solid;
  -webkit-transition: cubic-bezier(0.5,0,0.25,1) 60ms;
  transition: cubic-bezier(0.5,0,0.25,1) 60ms;
  width: 100%;
  font-size: 10px;
  padding: 7px 12px;
}

.c14:disabled {
  opacity: 0.25;
}

.c14:focus {
  outline: none;
}

.c14:hover {
  -webkit-transform: scale(1.03);
  -ms-transform: scale(1.03);
  transform: scale(1.03);
}

.c1 {
  cursor: auto;
  padding-left: 204px;
  padding-right: 14px;
  padding-top: 14px;
  padding-bottom: 14px;
  width: 100%;
  height: 96px;
  background-color: #fff;
  position: absolute;
  top: 48px;
  left: 0;
  position: fixed;
  z-index: 50;
}

.c4 {
  cursor: auto;
  padding-top: 144px;
  padding-left: 14px;
  padding-right: 14px;
  width: 240px;
  height: 100%;
  position: absolute;
  top: 0;
  right: 0;
  overflow-y: auto;
  position: fixed;
  z-index: 45;
}

.c6 {
  cursor: pointer;
  -webkit-text-decoration: none;
  text-decoration: none;
  color: text;
}

.c6:hover {
  color: textHighlight;
}

.c18 {
  display: -webkit-inline-box;
  display: -webkit-inline-flex;
  display: -ms-inline-flexbox;
  display: inline-flex;
  -webkit-align-items: center;
  -webkit-box-align: center;
  -ms-flex-align: center;
  align-items: center;
  vertical-align: top;
  min-height: 24px;
  width: 100%;
  font-weight: 600;
  -webkit-letter-spacing: 0.025em;
  -moz-letter-spacing: 0.025em;
  -ms-letter-spacing: 0.025em;
  letter-spacing: 0.025em;
  border-radius: 4px;
  border-width: 1px;
  border-style: solid;
  background-color: #ebeff3;
  border-color: #ebeff3;
  color: #1e252e;
  margin-bottom: 0.4em;
  margin-right: 4px;
  padding-left: 4px;
  padding-right: 4px;
  padding-top: 0px;
  padding-bottom: 0px;
  font-size: 10px;
}

.c13 {
  padding-bottom: 1em;
  font-size: large;
}

.c17 {
  margin-bottom: 1em;
  font-size: large;
}

<div
  className="c0"
  cursor="auto"
>
  <div
    className="c1"
    cursor="auto"
    height={96}
    width={1}
  >
    <h2
      className="c2"
      cursor="inherit"
      fontSize={5}
    >
      Untitled project
    </h2>
    <div
      className="c3"
      cursor="inherit"
    />
  </div>
  <div
    className="c4"
    cursor="auto"
    height="100%"
    width={240}
  >
    <div
      className="c5"
      cursor="auto"
    >
      <a
        className="c6"
        color="text"
        hoverColor="textHighlight"
        href="/projects/edit?filePath=%2Fhome%2Fjonas%40hinchely.dk%2FThe%20Project"
        onClick={[Function]}
      >
        <button
          className="c7"
          color="blue"
        >
          <svg
            className="c8"
            clipRule="evenodd"
            cursor="inherit"
            fill="currentcolor"
            fillRule="evenodd"
            height="1em"
            mr="0.5em"
            my="0.15em"
            viewBox="0 0 24 24"
            width="1em"
          >
            <path
              d="M23.6 5.4a1.289 1.289 0 0 0 0-1.867L20.467.4A1.289 1.289 0 0 0 18.6.4l-2.467 2.467 5 5L23.6 5.4z"
              fill={null}
              fillRule="nonzero"
            />
            <path
              d="M0 19v5h5L19.733 9.267l-5-5L0 19z"
              fillRule="nonzero"
            />
          </svg>
          Edit
        </button>
      </a>
      <div
        className="c9"
        cursor="auto"
      />
      <h4
        className="c10"
        cursor="inherit"
        fontSize={3}
      >
        <span
          className="c11"
          cursor="inherit"
        >
          <svg
            className="c12"
            clipRule="evenodd"
            color2="#ebeff3"
            cursor="inherit"
            fill="currentcolor"
            fillRule="evenodd"
            height="1.1em"
            my="0.2em"
            viewBox="0 0 25 25"
            width="1.1em"
          >
            <circle
              cx={424.005}
              cy={664.005}
              fill="#ebeff3"
              r={12.005}
              transform="matrix(1 0 0 1 -412 -652)"
            />
            <text
              fontFamily="'IBMPlexSerif-SemiBold','IBM Plex Serif SemiBold',serif"
              fontSize={24}
              fontWeight={600}
              transform="matrix(1 0 0 1 -579.022 -609.246)"
              x={586.816}
              y={629.892}
            >
              i
            </text>
          </svg>
           
          About
        </span>
      </h4>
      <div
        className="c13"
        fontSize="large"
      >
        <a
          className="c6"
          color="text"
          href="https://spdx.org/licenses/AML.html"
          rel="noopener"
          target="_blank"
        >
          <button
            className="c14"
            color="blue"
            size="small"
          >
            <div
              className="c15"
              color="white"
              cursor="inherit"
            >
              <svg
                className="c16"
                clipRule="evenodd"
                cursor="inherit"
                fill="currentcolor"
                fillRule="evenodd"
                height="1.5em"
                mr="0.5em"
                viewBox="0 0 24 24"
                width="1.5em"
              >
                <path
                  d="M21 24.001H3a3 3 0 0 1-3-3v-18a3 3 0 0 1 3-3h18a3 3 0 0 1 3 3v18a3.004 3.004 0 0 1-3 3zm-3-3l3-3v-12l-3-3H6l-3 3v12l3 3h12z"
                />
                <path
                  d="M16.91 17.894H7.09c-.602 0-1.09-.648-1.09-1.447S6.488 15 7.09 15h9.82c.602 0 1.09.648 1.09 1.447s-.488 1.447-1.09 1.447z"
                  fill={null}
                  fillRule="nonzero"
                />
                <path
                  d="M11.952 5.728l1.902 1.382-.951 1.31 1.538.5-.726 2.235-1.54-.5v1.618h-2.35v-1.618l-1.54.5L7.56 8.92l1.538-.5-.951-1.309 1.902-1.382.95 1.31.953-1.31z"
                  fill={null}
                />
              </svg>
              AML
               License
            </div>
          </button>
        </a>
      </div>
      <h4
        className="c10"
        cursor="inherit"
        fontSize={3}
      >
        <span
          className="c11"
          cursor="inherit"
        >
          <svg
            className="c12"
            clipRule="evenodd"
            color2="#ebeff3"
            cursor="inherit"
            fill="currentcolor"
            fillRule="evenodd"
            height="1.1em"
            my="0.2em"
            viewBox="0 0 24 24"
            width="1.1em"
          >
            <path
              d="M21.964 3.404v8.135l-11.4 11.752c.429.461 1.114.71 1.543.71.429 0 1.221-.214 1.682-.71l10.21-10.368V5.54l-2.035-2.135z"
              fill="#ebeff3"
              fillRule="nonzero"
            />
            <path
              d="M18.857 0h-8.571L.659 10.823A2.452 2.452 0 0 0 0 12.462c-.016.652.198 1.344.66 1.84l6.631 7.13c.429.462 1.114.722 1.543.722.428 0 1.216-.225 1.677-.721l10.06-10.356v-9.23L18.857 0zm-1.645 5.925C16.05 6.277 15 5.348 15 4.155c0-1.022.766-1.847 1.714-1.847 1.109 0 1.971 1.13 1.645 2.383-.156.594-.595 1.067-1.147 1.234z"
              fillRule="nonzero"
            />
          </svg>
           
          Keywords
        </span>
      </h4>
      <div
        className="c17"
        fontSize="large"
      >
        <div
          className="c18"
          color="lightGray"
          fontSize={0}
        >
          <div
            className="c19"
            cursor="inherit"
          >
            Example
          </div>
        </div>
      </div>
      <h4
        className="c10"
        cursor="inherit"
        fontSize={3}
      >
        <span
          className="c11"
          cursor="inherit"
        >
          <svg
            className="c12"
            clipRule="evenodd"
            color2="#ebeff3"
            cursor="inherit"
            fill="currentcolor"
            fillRule="evenodd"
            height="1.1em"
            my="0.2em"
            viewBox="0 0 24 24"
            width="1.1em"
          >
            <path
              d="M4 24h3l4-24H8L4 24zM13 24h3l4-24h-3l-4 24z"
            />
            <path
              d="M21.993 18H0l.5-3h21.993l-.5 3zM23.493 9H1.5L2 6h21.993l-.5 3z"
            />
          </svg>
           
          References
        </span>
      </h4>
      <div
        className="c17"
        fontSize="large"
      />
      <h4
        className="c10"
        cursor="inherit"
        fontSize={3}
      >
        <span
          className="c11"
          cursor="inherit"
        >
          <svg
            className="c12"
            clipRule="evenodd"
            color2="#ebeff3"
            cursor="inherit"
            fill="currentcolor"
            fillRule="evenodd"
            height="1.1em"
            my="0.2em"
            viewBox="0 0 24 18"
            width="1.1em"
          >
            <path
              d="M0 0v13.714h24V0H0zm8.598 12H4.291a2.574 2.574 0 0 0-2.576-2.577v-4.28a3.432 3.432 0 0 0 3.428-3.429h3.455c-1.066 1.26-1.74 3.097-1.74 5.143s.674 3.884 1.74 5.143zm13.688-2.577A2.59 2.59 0 0 0 19.715 12h-4.313c1.066-1.26 1.741-3.097 1.741-5.143s-.675-3.884-1.74-5.143h3.454a3.432 3.432 0 0 0 3.429 3.429v4.28z"
              fillRule="nonzero"
            />
            <path
              d="M0 15.428h24v1.715H0z"
              fill="#ebeff3"
              fillRule="nonzero"
            />
          </svg>
           
          Grants
        </span>
      </h4>
      <div
        className="c17"
        fontSize="large"
      />
    </div>
  </div>
  <div
    className="c20"
    cursor="auto"
  >
    <p>
      Project description goes here...
    </p>
  </div>
</div>
`;
