// Jest Snapshot v1, https://goo.gl/fbAQLP

exports[`UpdatePermissionsDialog Mount 1`] = `
.c0 {
  width: auto;
  min-width: 450px;
}

.c15 {
  margin-left: auto;
}

.c14 {
  font-smoothing: antialiased;
  display: -webkit-inline-box;
  display: -webkit-inline-flex;
  display: -ms-inline-flexbox;
  display: inline-flex;
  -webkit-box-pack: center;
  -webkit-justify-content: center;
  -ms-flex-pack: center;
  justify-content: center;
  -webkit-align-items: center;
  -webkit-box-align: center;
  -ms-flex-align: center;
  align-items: center;
  text-align: center;
  -webkit-text-decoration: none;
  text-decoration: none;
  font-family: inherit;
  font-weight: 700;
  line-height: 1.5;
  cursor: pointer;
  border-radius: 5px;
  background-color: var(--red,#f00);
  color: var(--white,#f00);
  border-width: 0;
  border-style: solid;
  -webkit-transition: cubic-bezier(0.5,0,0.25,1) 60ms;
  transition: cubic-bezier(0.5,0,0.25,1) 60ms;
  font-size: 14px;
  padding: 9.5px 18px;
}

.c14:disabled {
  opacity: 0.25;
}

.c14:focus {
  outline: none;
}

.c14:hover {
  -webkit-transform: translateY(-2px);
  -ms-transform: translateY(-2px);
  transform: translateY(-2px);
}

.c16 {
  font-smoothing: antialiased;
  display: -webkit-inline-box;
  display: -webkit-inline-flex;
  display: -ms-inline-flexbox;
  display: inline-flex;
  -webkit-box-pack: center;
  -webkit-justify-content: center;
  -ms-flex-pack: center;
  justify-content: center;
  -webkit-align-items: center;
  -webkit-box-align: center;
  -ms-flex-align: center;
  align-items: center;
  text-align: center;
  -webkit-text-decoration: none;
  text-decoration: none;
  font-family: inherit;
  font-weight: 700;
  line-height: 1.5;
  cursor: pointer;
  border-radius: 5px;
  background-color: var(--blue,#f00);
  color: var(--white,#f00);
  border-width: 0;
  border-style: solid;
  -webkit-transition: cubic-bezier(0.5,0,0.25,1) 60ms;
  transition: cubic-bezier(0.5,0,0.25,1) 60ms;
  font-size: 14px;
  padding: 9.5px 18px;
}

.c16:disabled {
  opacity: 0.25;
}

.c16:focus {
  outline: none;
}

.c16:hover {
  -webkit-transform: translateY(-2px);
  -ms-transform: translateY(-2px);
  transform: translateY(-2px);
}

.c10 {
  -webkit-flex: none;
  -ms-flex: none;
  flex: none;
  vertical-align: middle;
  cursor: inherit;
}

.c2 {
  display: -webkit-box;
  display: -webkit-flex;
  display: -ms-flexbox;
  display: flex;
  margin-top: 512px;
  margin-bottom: 512px;
  -webkit-align-items: center;
  -webkit-box-align: center;
  -ms-flex-align: center;
  align-items: center;
}

.c13 {
  display: -webkit-box;
  display: -webkit-flex;
  display: -ms-flexbox;
  display: flex;
  margin-top: 25px;
}

.c3 {
  cursor: inherit;
  width: 300px;
  margin-right: 16px;
}

.c5 {
  -webkit-align-items: center;
  -webkit-box-align: center;
  -ms-flex-align: center;
  align-items: center;
  display: inline-grid;
  grid-auto-flow: column;
  grid-template-columns: repeat(auto);
  -webkit-column-gap: 5px;
  column-gap: 5px;
}

.c9 {
  display: -webkit-box;
  display: -webkit-flex;
  display: -ms-flexbox;
  display: flex;
  -webkit-flex-direction: column;
  -ms-flex-direction: column;
  flex-direction: column;
  -webkit-align-items: center;
  -webkit-box-align: center;
  -ms-flex-align: center;
  align-items: center;
  -webkit-box-pack: center;
  -webkit-justify-content: center;
  -ms-flex-pack: center;
  justify-content: center;
  width: 100%;
  height: 100%;
  border-radius: 5px;
  border: 1px solid var(--invertedThemeColor);
  color: var(--invertedThemeColor,#f00);
  -webkit-transition: all 300ms ease;
  transition: all 300ms ease;
}

.c6 {
  position: relative;
  height: 40px;
  width: 40px;
  -webkit-transition: -webkit-transform 300ms ease;
  -webkit-transition: transform 300ms ease;
  transition: transform 300ms ease;
}

.c12 {
  position: relative;
  height: 40px;
  width: 40px;
  -webkit-transition: -webkit-transform 300ms ease;
  -webkit-transition: transform 300ms ease;
  transition: transform 300ms ease;
}

.c12:hover {
  -webkit-transform: translateY(-2px);
  -ms-transform: translateY(-2px);
  transform: translateY(-2px);
}

.c12:hover:hover > .c8 {
  color: var(--blue,#f00);
  border: 1px solid var(--blue,#f00);
}

.c7 {
  opacity: 0;
  position: absolute;
  top: 0;
  left: 0;
  height: 100%;
  width: 100%;
  margin: 0;
  cursor: pointer;
}

.c7:checked + .c8 {
  background-color: var(--blue,#f00);
  border: 0px solid white;
  color: white;
}

.c11 {
  text-align: center;
  font-size: 0.5em;
  font-weight: 600;
  text-transform: uppercase;
  -webkit-letter-spacing: 1px;
  -moz-letter-spacing: 1px;
  -ms-letter-spacing: 1px;
  letter-spacing: 1px;
  line-height: 1;
  padding-top: 0.1rem;
}

.c4 {
  -webkit-flex: 1;
  -ms-flex: 1;
  flex: 1;
  overflow: hidden;
  white-space: nowrap;
  text-overflow: ellipsis;
}

.c1 {
  height: 300px;
  overflow-y: auto;
}

<div
  className="c0"
  width="auto"
>
  <div
    className="c1"
  >
    <div
      className="c2"
    >
      <div
        className="c3 c4"
        cursor="inherit"
        title="Group 0"
        width="300px"
      >
        Group 0
      </div>
      <div
        className="c5"
      >
        <div
          checked={true}
          className="c6"
          height={40}
        >
          <input
            checked={true}
            className="c7"
            id="None"
            name="0"
            onChange={[Function]}
            type="radio"
            value="None"
          />
          <div
            className="c8 c9"
          >
            <svg
              className="c10"
              clipRule="evenodd"
              cursor="inherit"
              fill="currentcolor"
              fillRule="evenodd"
              height="65%"
              viewBox="0 0 25 24"
              width="65%"
            >
              <path
                d="M24.002 2.001L22 .001 12 9.6l-10-9.6-2 2 9.6 10L.001 22l2 2 10-9.6 10 9.6 2-2-9.6-10 9.6-9.999z"
                fillRule="nonzero"
              />
            </svg>
            <label
              className="c11"
              fontSize="0.5em"
              htmlFor="None"
            >
              None
            </label>
          </div>
        </div>
        <div
          checked={false}
          className="c12"
          height={40}
        >
          <input
            checked={false}
            className="c7"
            id="Read"
            name="0"
            onChange={[Function]}
            type="radio"
            value="Read"
          />
          <div
            className="c8 c9"
          >
            <svg
              className="c10"
              cursor="inherit"
              fill="currentcolor"
              height="65%"
              viewBox="0 0 24 24"
              width="65%"
            >
              <path
                d="M15.5 14h-.8l-.3-.3c1-1.1 1.6-2.6 1.6-4.2C16 5.9 13.1 3 9.5 3S3 5.9 3 9.5 5.9 16 9.5 16c1.6 0 3.1-.6 4.2-1.6l.3.3v.8l5 5 1.5-1.5-5-5zm-6 0C7 14 5 12 5 9.5S7 5 9.5 5 14 7 14 9.5 12 14 9.5 14z"
              />
            </svg>
            <label
              className="c11"
              fontSize="0.5em"
              htmlFor="Read"
            >
              Read
            </label>
          </div>
        </div>
        <div
          checked={false}
          className="c12"
          height={40}
        >
          <input
            checked={false}
            className="c7"
            id="Edit"
            name="0"
            onChange={[Function]}
            type="radio"
            value="Edit"
          />
          <div
            className="c8 c9"
          >
            <svg
              className="c10"
              clipRule="evenodd"
              cursor="inherit"
              fill="currentcolor"
              fillRule="evenodd"
              height="65%"
              viewBox="0 0 24 24"
              width="65%"
            >
              <path
                d="M23.6 5.4a1.289 1.289 0 000-1.867L20.467.4A1.289 1.289 0 0018.6.4l-2.467 2.467 5 5L23.6 5.4z"
                fill="currentcolor"
                fillRule="nonzero"
              />
              <path
                d="M0 19v5h5L19.733 9.267l-5-5L0 19z"
                fillRule="nonzero"
              />
            </svg>
            <label
              className="c11"
              fontSize="0.5em"
              htmlFor="Edit"
            >
              Edit
            </label>
          </div>
        </div>
      </div>
    </div>
    <div
      className="c2"
    >
      <div
        className="c3 c4"
        cursor="inherit"
        title="Group 1"
        width="300px"
      >
        Group 1
      </div>
      <div
        className="c5"
      >
        <div
          checked={true}
          className="c6"
          height={40}
        >
          <input
            checked={true}
            className="c7"
            id="None"
            name="1"
            onChange={[Function]}
            type="radio"
            value="None"
          />
          <div
            className="c8 c9"
          >
            <svg
              className="c10"
              clipRule="evenodd"
              cursor="inherit"
              fill="currentcolor"
              fillRule="evenodd"
              height="65%"
              viewBox="0 0 25 24"
              width="65%"
            >
              <path
                d="M24.002 2.001L22 .001 12 9.6l-10-9.6-2 2 9.6 10L.001 22l2 2 10-9.6 10 9.6 2-2-9.6-10 9.6-9.999z"
                fillRule="nonzero"
              />
            </svg>
            <label
              className="c11"
              fontSize="0.5em"
              htmlFor="None"
            >
              None
            </label>
          </div>
        </div>
        <div
          checked={false}
          className="c12"
          height={40}
        >
          <input
            checked={false}
            className="c7"
            id="Read"
            name="1"
            onChange={[Function]}
            type="radio"
            value="Read"
          />
          <div
            className="c8 c9"
          >
            <svg
              className="c10"
              cursor="inherit"
              fill="currentcolor"
              height="65%"
              viewBox="0 0 24 24"
              width="65%"
            >
              <path
                d="M15.5 14h-.8l-.3-.3c1-1.1 1.6-2.6 1.6-4.2C16 5.9 13.1 3 9.5 3S3 5.9 3 9.5 5.9 16 9.5 16c1.6 0 3.1-.6 4.2-1.6l.3.3v.8l5 5 1.5-1.5-5-5zm-6 0C7 14 5 12 5 9.5S7 5 9.5 5 14 7 14 9.5 12 14 9.5 14z"
              />
            </svg>
            <label
              className="c11"
              fontSize="0.5em"
              htmlFor="Read"
            >
              Read
            </label>
          </div>
        </div>
        <div
          checked={false}
          className="c12"
          height={40}
        >
          <input
            checked={false}
            className="c7"
            id="Edit"
            name="1"
            onChange={[Function]}
            type="radio"
            value="Edit"
          />
          <div
            className="c8 c9"
          >
            <svg
              className="c10"
              clipRule="evenodd"
              cursor="inherit"
              fill="currentcolor"
              fillRule="evenodd"
              height="65%"
              viewBox="0 0 24 24"
              width="65%"
            >
              <path
                d="M23.6 5.4a1.289 1.289 0 000-1.867L20.467.4A1.289 1.289 0 0018.6.4l-2.467 2.467 5 5L23.6 5.4z"
                fill="currentcolor"
                fillRule="nonzero"
              />
              <path
                d="M0 19v5h5L19.733 9.267l-5-5L0 19z"
                fillRule="nonzero"
              />
            </svg>
            <label
              className="c11"
              fontSize="0.5em"
              htmlFor="Edit"
            >
              Edit
            </label>
          </div>
        </div>
      </div>
    </div>
    <div
      className="c2"
    >
      <div
        className="c3 c4"
        cursor="inherit"
        title="Group 2"
        width="300px"
      >
        Group 2
      </div>
      <div
        className="c5"
      >
        <div
          checked={true}
          className="c6"
          height={40}
        >
          <input
            checked={true}
            className="c7"
            id="None"
            name="2"
            onChange={[Function]}
            type="radio"
            value="None"
          />
          <div
            className="c8 c9"
          >
            <svg
              className="c10"
              clipRule="evenodd"
              cursor="inherit"
              fill="currentcolor"
              fillRule="evenodd"
              height="65%"
              viewBox="0 0 25 24"
              width="65%"
            >
              <path
                d="M24.002 2.001L22 .001 12 9.6l-10-9.6-2 2 9.6 10L.001 22l2 2 10-9.6 10 9.6 2-2-9.6-10 9.6-9.999z"
                fillRule="nonzero"
              />
            </svg>
            <label
              className="c11"
              fontSize="0.5em"
              htmlFor="None"
            >
              None
            </label>
          </div>
        </div>
        <div
          checked={false}
          className="c12"
          height={40}
        >
          <input
            checked={false}
            className="c7"
            id="Read"
            name="2"
            onChange={[Function]}
            type="radio"
            value="Read"
          />
          <div
            className="c8 c9"
          >
            <svg
              className="c10"
              cursor="inherit"
              fill="currentcolor"
              height="65%"
              viewBox="0 0 24 24"
              width="65%"
            >
              <path
                d="M15.5 14h-.8l-.3-.3c1-1.1 1.6-2.6 1.6-4.2C16 5.9 13.1 3 9.5 3S3 5.9 3 9.5 5.9 16 9.5 16c1.6 0 3.1-.6 4.2-1.6l.3.3v.8l5 5 1.5-1.5-5-5zm-6 0C7 14 5 12 5 9.5S7 5 9.5 5 14 7 14 9.5 12 14 9.5 14z"
              />
            </svg>
            <label
              className="c11"
              fontSize="0.5em"
              htmlFor="Read"
            >
              Read
            </label>
          </div>
        </div>
        <div
          checked={false}
          className="c12"
          height={40}
        >
          <input
            checked={false}
            className="c7"
            id="Edit"
            name="2"
            onChange={[Function]}
            type="radio"
            value="Edit"
          />
          <div
            className="c8 c9"
          >
            <svg
              className="c10"
              clipRule="evenodd"
              cursor="inherit"
              fill="currentcolor"
              fillRule="evenodd"
              height="65%"
              viewBox="0 0 24 24"
              width="65%"
            >
              <path
                d="M23.6 5.4a1.289 1.289 0 000-1.867L20.467.4A1.289 1.289 0 0018.6.4l-2.467 2.467 5 5L23.6 5.4z"
                fill="currentcolor"
                fillRule="nonzero"
              />
              <path
                d="M0 19v5h5L19.733 9.267l-5-5L0 19z"
                fillRule="nonzero"
              />
            </svg>
            <label
              className="c11"
              fontSize="0.5em"
              htmlFor="Edit"
            >
              Edit
            </label>
          </div>
        </div>
      </div>
    </div>
  </div>
  <div
    className="c13"
  >
    <button
      className="c14"
      color="red"
      onClick={[Function]}
    >
      Cancel
    </button>
    <div
      className="c15"
    />
    <button
      className="c16"
      color="blue"
      disabled={true}
      onClick={[Function]}
    >
      Update
    </button>
  </div>
</div>
`;
