// Jest Snapshot v1, https://goo.gl/fbAQLP

exports[`Activity Feed Mount, no activity 1`] = `null`;

exports[`Activity Feed Mount, with activity 1`] = `
<div
  className="ui feed"
>
  <div
    className="event"
  >
    <div
      className="label"
    >
      <i
        aria-hidden="true"
        className="move icon"
      />
    </div>
    <div
      className="content"
    >
      <div
        className="date"
      >
        a month ago
      </div>
      <div
        className="summary"
      >
        Files moved
      </div>
      <div
        className="text extra"
      >
        <div>
          <b>
            <a
              href="/fileInfo//home/jonas@hinchely.dk/ABC.jpg"
              onClick={[Function]}
            >
              ABC.jpg
            </a>
          </b>
           was 
          <b>
            moved
          </b>
        </div>
      </div>
    </div>
  </div>
  <div
    className="event"
  >
    <div
      className="label"
    >
      <i
        aria-hidden="true"
        className="star outline icon"
      />
    </div>
    <div
      className="content"
    >
      <div
        className="date"
      >
        a month ago
      </div>
      <div
        className="summary"
      >
        Files unfavorited
      </div>
      <div
        className="text extra"
      >
        <div>
          <b>
            <a
              href="/fileInfo//home/jonas@hinchely.dk/ABC.jpg"
              onClick={[Function]}
            >
              ABC.jpg
            </a>
          </b>
           was 
          <b>
            unfavorited
          </b>
        </div>
      </div>
    </div>
  </div>
  <div
    className="event"
  >
    <div
      className="label"
    >
      <i
        aria-hidden="true"
        className="delete icon"
      />
    </div>
    <div
      className="content"
    >
      <div
        className="date"
      >
        a month ago
      </div>
      <div
        className="summary"
      >
        Files deleted
      </div>
      <div
        className="text extra"
      />
    </div>
  </div>
  <div
    className="event"
  >
    <div
      className="label"
    >
      <i
        aria-hidden="true"
        className="star icon"
      />
    </div>
    <div
      className="content"
    >
      <div
        className="date"
      >
        a month ago
      </div>
      <div
        className="summary"
      >
        Files favorited
      </div>
      <div
        className="text extra"
      >
        <div>
          <b>
            <a
              href="/fileInfo//home/jonas@hinchely.dk/ABC.jpg"
              onClick={[Function]}
            >
              ABC.jpg
            </a>
          </b>
           was 
          <b>
            favorited
          </b>
        </div>
      </div>
    </div>
  </div>
  <div
    className="event"
  >
    <div
      className="label"
    >
      <i
        aria-hidden="true"
        className="refresh icon"
      />
    </div>
    <div
      className="content"
    >
      <div
        className="date"
      >
        a month ago
      </div>
      <div
        className="summary"
      >
        Files updated
      </div>
      <div
        className="text extra"
      />
    </div>
  </div>
  <div
    className="event"
  >
    <div
      className="label"
    >
      <i
        aria-hidden="true"
        className="refresh icon"
      />
    </div>
    <div
      className="content"
    >
      <div
        className="date"
      >
        2 months ago
      </div>
      <div
        className="summary"
      >
        Files updated
      </div>
      <div
        className="text extra"
      >
        <div>
          <b>
            <a
              href="/fileInfo//home/jonas@hinchely.dk/ABC.jpg"
              onClick={[Function]}
            >
              ABC.jpg
            </a>
          </b>
           was 
          <b>
            updated
          </b>
        </div>
      </div>
    </div>
  </div>
</div>
`;

exports[`Activity Mount 1`] = `
Array [
  <h1
    className="sc-gzVnrw icdHnu"
    cursor="inherit"
    fontSize={6}
  >
    File Activity
  </h1>,
  <div
    className="sc-bZQynM cNFsWw"
  >
    <div
      className="sc-htpNat hjOqln"
    />
    <div
      className="sc-cvbbAY iiWipZ"
    >
      <div
        className="sc-bdVaJa hfvaUK"
      >
        <span
          className="sc-gzVnrw hNFoCO"
          cursor="pointer"
          onClick={[Function]}
        >
          <div
            className="sc-bZQynM bqIUrb"
          >
            <div
              className="sc-htpNat llOEfe"
            >
               
              Items per page 25
            </div>
            <div
              className="sc-htpNat llOEfe"
            >
              <svg
                className="sc-dnqmqq fuFxzC"
                cursor="auto"
                fill="currentcolor"
                height={24}
                viewBox="0 0 24 24"
                width={24}
              >
                <path
                  d="M7.4 8l4.6 4.6L16.6 8 18 9.4l-6 6-6-6L7.4 8z"
                />
              </svg>
            </div>
          </div>
        </span>
      </div>
      <i
        className="fas fa-sync fa-spin"
        onClick={[Function]}
      />
    </div>
  </div>,
  <div
    className="sc-bZQynM bqIUrb"
  >
    <div
      className="sc-htpNat knGhlu"
      width="50%"
    />
    <i
      className="fas fa-circle-notch fa-spin"
    />
  </div>,
  <div />,
]
`;
