// Jest Snapshot v1, https://goo.gl/fbAQLP

exports[`Zenodo Info Mount component 1`] = `
<div
  className="sc-bdVaJa bQBfBb"
>
  <i
    className="fas fa-circle-notch fa-spin"
  />
   
</div>
`;
