// Jest Snapshot v1, https://goo.gl/fbAQLP

exports[`Zenodo Publish Mount Zenodo component 1`] = `
Array [
  <h1>
    You are not connected to Zenodo
  </h1>,
  <button
    className="sc-iwsKbI dONERn"
    color="blue"
    onClick={[Function]}
  >
    Connect to Zenodo
  </button>,
]
`;
