// Jest Snapshot v1, https://goo.gl/fbAQLP

exports[`Uploader Closed Uploader component 1`] = `null`;
